Microsoft (R) Macro Assembler Version 6.14.8444		    04/26/21 16:09:19
task_aksenov.asm					     Page 1 - 1


				include console.inc
			      C .NOLIST
			      C .LIST
			      C ; Исключение из списка служебных слов
			      C option NoKeyWord: <c name str>
			      C 
			      C 
			      C 
			      C ;include masm32.inc
			      C 
			      C    includelib masm32.lib
			      C    includelib user32.lib
			      C    includelib kernel32.lib
			      C    includelib msvcrt.lib
			      C    includelib io_proc.lib
			      C    
			      C 

				COMMENT ~

				САМОСТОЯТЕЛЬНАЯ РАБОТА 12
				СТУДЕНТ Аксенов Павел     группа 110

				~

				COMMENT~ 
				----------------------------------------------------------------------------
				ВНИМАНИЕ: ВСЕ ИСПОЛЬЗУЕМЫЕ ОПИСАНИЯ ТИПОВ И ПЕРЕМЕННЫХ ДАЮТСЯ В СЕКЦИИ
				ДАННЫХ ЭТОЙ ПРОГРАММЫ !!!
				----------------------------------------------------------------------------
				ЗАДАЧИ ДЕЛАТЬ ТОЛЬКО В УКАЗАННОЙ ПОСЛЕДОВАТЕЛЬНОСТИ !!!
				---------------------------------------------------------------------------- 
				 ЗАДАЧА_1 (максимально 25 очков)
				 (СТАНДАРТНЫЕ СОГЛАШЕНИЯ О СВЯЗЯХ stdcall) 
				 ПЕРЕДАЧА ПАРАМЕТРА ПО ССЫЛКЕ
				 
				 Описать процедуру In_struc(Str), где Str - обозначение переменной-структуры
				 типа TS (описание типа дано ниже в секции данных). Процедура вводит (по inint) 
				 значения для полей min и sec этой  структуры. Считать, что эти значения будут
				 введены корректно и не выйдут из диапазона [0..59]. Обеспечить соблюдение 
				 стандартных соглашений о связях. Не надо выводить приглашения к вводу в процессе 
				 работы процедуры (и в основной программе тоже не надо выводить такие приглашения)!
				  
				 Применить эту процедуру к переменной-структуре S для ввода значений полей этой 
				 структуры (передав адрес этой переменной в качестве параметра). Вывести (из 
				 основной программы, т.е. извне процедуры) полученные значения полей структуры S,
				 чтобы убедиться в правильности работы написанной процедуры.
				----------------------------------------------------------------------------
				 ЗАДАЧА_2 (максимально 35 очков)
				 (СТАНДАРТНЫЕ СОГЛАШЕНИЯ О СВЯЗЯХ stdcall) 
				 ПЕРЕДАЧА ПАРАМЕТРОВ ПО ССЫЛКЕ
				 
				 Описать процедуру Struc_to_Record(Str,Rec), где Str - обозначение 
				 переменной-структуры типа TS, Rec - обозначение переменной-записи типа TR. 
				 Процедура заполняет поля min и sec записи Rec значениями полей min и sec
				 структуры Str. Считать, что значения полей структуры заданы корректно и не
				 выйдут из диапазона [0..59]. Выполнить стандартные соглашения о связях.
				  
				 Применить эту процедуру к переменной-структуре S и переменной-записи R
				 (передав адреса этих переменных в качестве параметров).
				 Вывести полученные значения полей записи Rec (из основной программы, т.е. 
				 извне процедуры), чтобы убедиться в правильности работы процедуры).
				----------------------------------------------------------------------------
				 ЗАДАЧА_3 (максимально 25 очков)
				 (СТАНДАРТНЫЕ СОГЛАШЕНИЯ О СВЯЗЯХ stdcall) 
				 ПЕРЕДАЧА ПАРАМЕТРА ПО-ЗНАЧЕНИЮ
				 
				 Описать функцию Seconds(Rec), где Rec - обозначение переменной-записи 
				 типа TR. Переменная Rec содержит некоторый момент времени в рамках текущего
				 часа - минуту (в поле min) и секунду (в поле sec). Функция вычисляет полное
				 количество секунд, прошедших с начала часа, и возвращает ответ через АХ.
				 Выполнить стандартные соглашения о связях.
				  
				 Применить эту функцию к переменной-записи R (параметр передать по-значению),
				 поля которой были заполнены  при решении ЗАДАЧИ_2. Вывести (из основной 
				 программы) полученный ответ, чтобы убедиться в правильности работы функции).
				----------------------------------------------------------------------------
				~

 00000019			.data
 00000019 C0 EA F1 E5 ED	T   db "Аксенов Павел   Задача (с-р 12)",0	;	
	   EE E2 20 CF E0
	   E2 E5 EB 20 20
	   20 C7 E0 E4 E0
	   F7 E0 20 28 F1
	   2D F0 20 31 32
	   29 00

				; ------------ ОПИСАНИЕ ТИПОВ и ПЕРЕМЕННЫХ для ЗАДАЧ 1-3: ------------------
 00000002			TS  struc
 00000000  00			    min  db ?     ; [0..59]
 00000001  00			    sec  db ?     ; [0..59]
				TS ends

 00000039 00 00			S   TS  <>

				TR  record min:6, sec:6

 0000003B 0000			R  TR   <>

 00000000			.code
				; --------------------------------------------------------------------------
				;              ЗАГОТОВКИ ОПИСАНИЯ ПРОЦЕДУР для ЗАДАЧ 1-3: 
				; --------------------------------------------------------------------------
				; procedure In_struc(var S: TS)
 00000000			In_struc proc
				; stdcall, в стеке параметр:
				; адрес структуры типа TS
				; ДЕЙСТВИЕ:
				; Ввод полей min и sec структуры типа TS:
 00000000  55			    push EBP
 00000001  8B EC		    mov EBP, ESP
 00000003  50			    push EAX
 00000004  53			    push EBX
				    
 00000005  8B 45 08		    mov EAX, [EBP+8]
				    inint BL
 00000016  88 18		    mov (TS ptr [EAX]).min, BL
				    inint BL
 00000026  88 58 01		    mov (TS ptr [EAX]).sec, BL
				    
 00000029  5B			    pop EBX
 0000002A  58			    pop EAX
 0000002B  5D			    pop EBP
 0000002C  C2 0004		    ret 4
 0000002F			In_struc endp
				;--------------------------------------------------------------------------
				; procedure Struc_to_Record(var Str: TS; var Rec: TR)
 0000002F			Struc_to_Record proc
				; stdcall, в стеке параметры (сверху вниз): 
				; адрес структуры типа TS   
				; адрес записи типа TR
				; ДЕЙСТВИЕ:
				; Заполнение полей min и sec записи Rec по полям min и sec структуры типа TS:
				; СОВЕТ по решению: сформировать значение искомой записи на регистре АХ, и 
				; только затем полученное значение записать в память
 0000002F  55			    push EBP
 00000030  8B EC		    mov EBP, ESP
 00000032  50			    push EAX
 00000033  53			    push EBX
 00000034  51			    push ECX
 00000035  52			    push EDX
				    
 00000036  8B 45 08		    mov EAX, [EBP+8]                ; in EAX S
 00000039  8B 5D 0C		    mov EBX, [EBP+12]               ; in EBX R
 0000003C  8A 08		    mov CL, (TS ptr [EAX]).min
 0000003E  8A 50 01		    mov DL, (TS ptr [EAX]).sec
 00000041  88 0B		    mov [EBX], CL
 00000043  66| C1 23 06		    shl TR ptr [EBX], min
 00000047  08 13		    or [EBX], DL
				    
 00000049  5A			    pop EDX
 0000004A  59			    pop ECX
 0000004B  5B			    pop EBX
 0000004C  58			    pop EAX
 0000004D  5D			    pop EBP
 0000004E  C2 0008		    ret 4*2
				    
 00000051			Struc_to_Record endp
				;---------------------------------------------------------------------------
				; function Seconds(Rec: TR):word
 00000051			Seconds proc
				; stdcall, в стеке параметр: 
				; копия (значения) записи типа TR (в формате двойного слова, т.к. stdcall)
				; ДЕЙСТВИЕ:
				; Вычисление АХ := min*60+sec (где min и sec - содержимое полей записи)
 00000051  55			    push EBP
 00000052  8B EC		    mov EBP, ESP
 00000054  53			    push EBX
 00000055  51			    push ECX
				    
 00000056  66| 8B 5D 08		    mov BX, [EBP+8]
 0000005A  66| 8B CB		    mov CX, BX
 0000005D  66| C1 EB 06		    shr BX, min
 00000061  8A C3		    mov AL, BL
 00000063  B3 3C		    mov BL, 60
 00000065  F6 E3		    mul BL
 00000067  66| 83 E1 3F		    and CX, mask sec
 0000006B  66| 03 C1		    add AX, CX
 0000006E  59			    pop ECX
 0000006F  5B			    pop EBX
 00000070  5D			    pop EBP
 00000071  C2 0004		    ret 4
				    
 00000074			Seconds endp
				;---------------------------------------------------------------------------

 00000074			Start:
				    ConsoleTitle offset T	
				    
				;-------------- ЗАДАЧА 1 -----------------------------------------------
				; применение процедуры In_struc к переменной S типа TS:
 000000C6  8D 05 00000039 R	    lea EAX, S
 000000CC  50			    push EAX
 000000CD  E8 FFFFFF2E		    call In_struc
				; проверка правильности работы процедуры
				; (т.е. печать значений полей min и sec структуры S):
				    outintln S.min
				    outintln S.sec
				    
				;-------------- ЗАДАЧА 2 -----------------------------------------------
				; применение процедуры Struc_to_Record к структуре S типа TS и записи R типа TR:
 000001E6  8D 1D 0000003B R	    lea EBX, R
 000001EC  53			    push EBX
 000001ED  50			    push EAX
 000001EE  E8 FFFFFE3C		    call Struc_to_Record
				; проверка правильности работы процедуры
				; (т.е. печать значений полей min и sec записи R): 
 000001F3  66| 8B 0D		    mov CX, R
	   0000003B R
 000001FA  66| C1 E9 06		    shr CX, min
				    outwordln CX,, 'min = '
 000002C2  66| 8B 0D		    mov CX, R
	   0000003B R
 000002C9  66| 83 E1 3F		    and CX, mask sec
				    outwordln CX,, 'sec = '
				;-------------- ЗАДАЧА 3 -----------------------------------------------
				; применение функции Seconds к записи R типа TR:
 00000391  66| A1		    mov AX, R
	   0000003B R
 00000397  50			    push EAX
 00000398  E8 FFFFFCB4		    call Seconds
				; вывод найденного ответа:
				    outwordln AX,,'AX = '
				;------------------------------------------------------------------------ 
				        
				    pause						; нужно при сдаче по e-mail
				    exit						
				    end Start
				    
				COMMENT~

				для тестирования:
				min=45, sec=55, total_seconds=2755
				min=0,  sec=54, total_seconds=54
				min=59, sec=59, total_seconds=3599

				~

Microsoft (R) Macro Assembler Version 6.14.8444		    04/26/21 16:09:19
task_aksenov.asm					     Symbols 2 - 1




Macros:

                N a m e                 Type

??CheckStrToBuf  . . . . . . . .	Proc
??FindESP  . . . . . . . . . . .	Proc
??RestoreReg . . . . . . . . . .	Proc
??SaveReg  . . . . . . . . . . .	Proc
@GetCommandLine  . . . . . . . .	Func
@Random  . . . . . . . . . . . .	Func
@inchar  . . . . . . . . . . . .	Func
@inintln . . . . . . . . . . . .	Func
@inint . . . . . . . . . . . . .	Func
@readkey . . . . . . . . . . . .	Func
ChagePageAttr  . . . . . . . . .	Proc
ClrScr . . . . . . . . . . . . .	Proc
ConsoleMode  . . . . . . . . . .	Proc
ConsoleTitle . . . . . . . . . .	Proc
DOS  . . . . . . . . . . . . . .	Func
DownloadFile . . . . . . . . . .	Proc
GetConsoleTitle  . . . . . . . .	Proc
HeapBlockSize  . . . . . . . . .	Proc
InputStr . . . . . . . . . . . .	Proc
MsgBox . . . . . . . . . . . . .	Proc
NewConsole . . . . . . . . . . .	Proc
OpenFile . . . . . . . . . . . .	Proc
OutFlags . . . . . . . . . . . .	Proc
Randomize  . . . . . . . . . . .	Proc
RunExe . . . . . . . . . . . . .	Proc
SetScreenSize  . . . . . . . . .	Proc
SetTextAttr  . . . . . . . . . .	Proc
TotalHeapAllocated . . . . . . .	Proc
WhereX . . . . . . . . . . . . .	Proc
WhereY . . . . . . . . . . . . .	Proc
dispose  . . . . . . . . . . . .	Proc
exit . . . . . . . . . . . . . .	Proc
flush  . . . . . . . . . . . . .	Proc
gotoXY . . . . . . . . . . . . .	Proc
inchar . . . . . . . . . . . . .	Proc
inintln  . . . . . . . . . . . .	Proc
inint  . . . . . . . . . . . . .	Proc
newline  . . . . . . . . . . . .	Proc
new  . . . . . . . . . . . . . .	Proc
outcharln  . . . . . . . . . . .	Proc
outchar  . . . . . . . . . . . .	Proc
outdateln  . . . . . . . . . . .	Proc
outdate  . . . . . . . . . . . .	Proc
outintln . . . . . . . . . . . .	Proc
outint . . . . . . . . . . . . .	Proc
outnumln . . . . . . . . . . . .	Proc
outnum . . . . . . . . . . . . .	Proc
outstrln . . . . . . . . . . . .	Proc
outstr . . . . . . . . . . . . .	Proc
outtimeln  . . . . . . . . . . .	Proc
outtime  . . . . . . . . . . . .	Proc
outwordln  . . . . . . . . . . .	Proc
outword  . . . . . . . . . . . .	Proc
pause  . . . . . . . . . . . . .	Proc
readkey  . . . . . . . . . . . .	Proc


Structures and Unions:

                N a m e                  Size
                                         Offset      Type

CONSOLE_SCREEN_BUFFER_INFO . . .	 00000016
  dwSize . . . . . . . . . . . .	 00000000	 DWord
  dwCursorPosition . . . . . . .	 00000004	 DWord
  wAttributes  . . . . . . . . .	 00000008	 Word
  srWindow . . . . . . . . . . .	 0000000A	 QWord
  dwMaximumWindowSize  . . . . .	 00000012	 DWord
COORD  . . . . . . . . . . . . .	 00000004
  x  . . . . . . . . . . . . . .	 00000000	 Word
  y  . . . . . . . . . . . . . .	 00000002	 Word
SMALL_RECT . . . . . . . . . . .	 00000008
  Left . . . . . . . . . . . . .	 00000000	 Word
  Top  . . . . . . . . . . . . .	 00000002	 Word
  Right  . . . . . . . . . . . .	 00000004	 Word
  Bottom . . . . . . . . . . . .	 00000006	 Word
SystemTime . . . . . . . . . . .	 00000010
  wYear  . . . . . . . . . . . .	 00000000	 Word
  wMonth . . . . . . . . . . . .	 00000002	 Word
  wDayOfWeek . . . . . . . . . .	 00000004	 Word
  wDay . . . . . . . . . . . . .	 00000006	 Word
  wHour  . . . . . . . . . . . .	 00000008	 Word
  wMinute  . . . . . . . . . . .	 0000000A	 Word
  wSecond  . . . . . . . . . . .	 0000000C	 Word
  wMilliseconds  . . . . . . . .	 0000000E	 Word
TS . . . . . . . . . . . . . . .	 00000002
  min  . . . . . . . . . . . . .	 00000000	 Byte
  sec  . . . . . . . . . . . . .	 00000001	 Byte


Records:

                N a m e                  Width     # fields
                                         Shift     Width     Mask      Initial

TR . . . . . . . . . . . . . . .	 0000000C      00000002
  min  . . . . . . . . . . . . .	 00000006      00000006	     0FC0     ?
  sec  . . . . . . . . . . . . .	 00000000      00000006	     003F     ?


Types:

                N a m e                  Size     Attr

c_msvcrt . . . . . . . . . . . .	 00000004     CODE 


Segments and Groups:

                N a m e                 Size     Length   Align   Combine Class

FLAT . . . . . . . . . . . . . .	GROUP
STACK  . . . . . . . . . . . . .	32 Bit	 00001000 Para	  Stack	  'STACK'	 
_DATA  . . . . . . . . . . . . .	32 Bit	 000008DF Para	  Public  'DATA'	
_TEXT  . . . . . . . . . . . . .	32 Bit	 000004E6 Para	  Public  'CODE'	


Procedures,  parameters and locals:

                N a m e                 Type     Value    Attr

CharToOemA . . . . . . . . . . .	P Near	 00000000 FLAT	Length= 00000000 External STDCALL
ClearScreen  . . . . . . . . . .	P Near	 00000000 FLAT	Length= 00000000 External STDCALL
CloseHandle  . . . . . . . . . .	P Near	 00000000 FLAT	Length= 00000000 External STDCALL
CreateFileA  . . . . . . . . . .	P Near	 00000000 FLAT	Length= 00000000 External STDCALL
ExitProcess  . . . . . . . . . .	P Near	 00000000 FLAT	Length= 00000000 External STDCALL
GetCommandLineA  . . . . . . . .	P Near	 00000000 FLAT	Length= 00000000 External STDCALL
GetConsoleScreenBufferInfo . . .	P Near	 00000000 FLAT	Length= 00000000 External STDCALL
GetConsoleTitleA . . . . . . . .	P Near	 00000000 FLAT	Length= 00000000 External STDCALL
GetModuleHandleA . . . . . . . .	P Near	 00000000 FLAT	Length= 00000000 External STDCALL
GetStdHandle . . . . . . . . . .	P Near	 00000000 FLAT	Length= 00000000 External STDCALL
GetSystemMetrics . . . . . . . .	P Near	 00000000 FLAT	Length= 00000000 External STDCALL
GetSystemTime  . . . . . . . . .	P Near	 00000000 FLAT	Length= 00000000 External STDCALL
GetTickCount . . . . . . . . . .	P Near	 00000000 FLAT	Length= 00000000 External STDCALL
GlobalAlloc  . . . . . . . . . .	P Near	 00000000 FLAT	Length= 00000000 External STDCALL
GlobalFree . . . . . . . . . . .	P Near	 00000000 FLAT	Length= 00000000 External STDCALL
GlobalSize . . . . . . . . . . .	P Near	 00000000 FLAT	Length= 00000000 External STDCALL
In_struc . . . . . . . . . . . .	P Near	 00000000 _TEXT	Length= 0000002F Public STDCALL
InternetGetConnectedState  . . .	P Near	 00000000 FLAT	Length= 00000000 External STDCALL
MessageBoxA  . . . . . . . . . .	P Near	 00000000 FLAT	Length= 00000000 External STDCALL
MessageBoxIndirectA  . . . . . .	P Near	 00000000 FLAT	Length= 00000000 External STDCALL
Seconds  . . . . . . . . . . . .	P Near	 00000051 _TEXT	Length= 00000023 Public STDCALL
SetConsoleCtrlHandler  . . . . .	P Near	 00000000 FLAT	Length= 00000000 External STDCALL
SetConsoleCursorPosition . . . .	P Near	 00000000 FLAT	Length= 00000000 External STDCALL
SetConsoleScreenBufferSize . . .	P Near	 00000000 FLAT	Length= 00000000 External STDCALL
SetConsoleTextAttribute  . . . .	P Near	 00000000 FLAT	Length= 00000000 External STDCALL
SetConsoleTitleA . . . . . . . .	P Near	 00000000 FLAT	Length= 00000000 External STDCALL
Sleep  . . . . . . . . . . . . .	P Near	 00000000 FLAT	Length= 00000000 External STDCALL
StdIn  . . . . . . . . . . . . .	P Near	 00000000 FLAT	Length= 00000000 External STDCALL
StdOut . . . . . . . . . . . . .	P Near	 00000000 FLAT	Length= 00000000 External STDCALL
Struc_to_Record  . . . . . . . .	P Near	 0000002F _TEXT	Length= 00000022 Public STDCALL
URLDownloadToFileA . . . . . . .	P Near	 00000000 FLAT	Length= 00000000 External STDCALL
VirtualProtect . . . . . . . . .	P Near	 00000000 FLAT	Length= 00000000 External STDCALL
nrandom  . . . . . . . . . . . .	P Near	 00000000 FLAT	Length= 00000000 External STDCALL
nseed  . . . . . . . . . . . . .	P Near	 00000000 FLAT	Length= 00000000 External STDCALL
shell_ex . . . . . . . . . . . .	P Near	 00000000 FLAT	Length= 00000000 External STDCALL
shell  . . . . . . . . . . . . .	P Near	 00000000 FLAT	Length= 00000000 External STDCALL
wait_key . . . . . . . . . . . .	P Near	 00000000 FLAT	Length= 00000000 External STDCALL


Symbols:

                N a m e                 Type     Value    Attr

??0000 . . . . . . . . . . . . .	Number	 00000001h   
??0001 . . . . . . . . . . . . .	DWord	 0000003D _DATA	
??0002 . . . . . . . . . . . . .	Number	 00000001h   
??0003 . . . . . . . . . . . . .	DWord	 00000041 _DATA	
??0004 . . . . . . . . . . . . .	Byte	 00000046 _DATA	
??0005 . . . . . . . . . . . . .	Text   	 o
??0006 . . . . . . . . . . . . .	Byte	 00000045 _DATA	
??0007 . . . . . . . . . . . . .	L Near	 00000086 _TEXT	
??0008 . . . . . . . . . . . . .	L Near	 000000BC _TEXT	
??0009 . . . . . . . . . . . . .	Number	 00000003h   
??000A . . . . . . . . . . . . .	Number	 00000004h   
??000B . . . . . . . . . . . . .	Number	 00000000h   
??000C . . . . . . . . . . . . .	Byte	 00000172 _DATA	
??0014 . . . . . . . . . . . . .	Number	 00000001h   
??0016 . . . . . . . . . . . . .	Byte	 00000175 _DATA	
??0017 . . . . . . . . . . . . .	Number	 00000000h   
??0018 . . . . . . . . . . . . .	Byte	 00000178 _DATA	
??001A . . . . . . . . . . . . .	Byte	 000002A7 _DATA	
??001B . . . . . . . . . . . . .	Byte	 0000017B _DATA	
??001C . . . . . . . . . . . . .	Text   	 o
??001D . . . . . . . . . . . . .	Byte	 0000017A _DATA	
??001E . . . . . . . . . . . . .	L Near	 0000010F _TEXT	
??001F . . . . . . . . . . . . .	L Near	 00000145 _TEXT	
??0020 . . . . . . . . . . . . .	Number	 00000003h   
??0021 . . . . . . . . . . . . .	Number	 00000004h   
??0022 . . . . . . . . . . . . .	Number	 00000000h   
??0023 . . . . . . . . . . . . .	Byte	 000002AA _DATA	
??002B . . . . . . . . . . . . .	Number	 00000001h   
??002D . . . . . . . . . . . . .	Byte	 000002AD _DATA	
??002E . . . . . . . . . . . . .	Number	 00000000h   
??002F . . . . . . . . . . . . .	Byte	 000002B0 _DATA	
??0031 . . . . . . . . . . . . .	Byte	 000003DF _DATA	
??0032 . . . . . . . . . . . . .	Byte	 000002B3 _DATA	
??0033 . . . . . . . . . . . . .	Text   	 o
??0034 . . . . . . . . . . . . .	Byte	 000002B2 _DATA	
??0035 . . . . . . . . . . . . .	L Near	 00000199 _TEXT	
??0036 . . . . . . . . . . . . .	L Near	 000001CF _TEXT	
??0037 . . . . . . . . . . . . .	Number	 00000000h   
??0038 . . . . . . . . . . . . .	Number	 00000001h   
??0039 . . . . . . . . . . . . .	Number	 00000000h   
??003A . . . . . . . . . . . . .	Byte	 000003ED _DATA	
??0042 . . . . . . . . . . . . .	Number	 00000002h   
??0044 . . . . . . . . . . . . .	Byte	 000003EA _DATA	
??0045 . . . . . . . . . . . . .	Byte	 000003E3 _DATA	
??0046 . . . . . . . . . . . . .	Text   	 "
??0047 . . . . . . . . . . . . .	Byte	 000003E2 _DATA	
??0049 . . . . . . . . . . . . .	L Near	 00000229 _TEXT	
??004A . . . . . . . . . . . . .	Byte	 000003F0 _DATA	
??004B . . . . . . . . . . . . .	Number	 00000000h   
??004C . . . . . . . . . . . . .	Byte	 000003F3 _DATA	
??004E . . . . . . . . . . . . .	Byte	 00000522 _DATA	
??004F . . . . . . . . . . . . .	Byte	 000003F6 _DATA	
??0050 . . . . . . . . . . . . .	Text   	 o
??0051 . . . . . . . . . . . . .	Byte	 000003F5 _DATA	
??0052 . . . . . . . . . . . . .	L Near	 00000275 _TEXT	
??0053 . . . . . . . . . . . . .	L Near	 000002AB _TEXT	
??0054 . . . . . . . . . . . . .	Number	 00000000h   
??0055 . . . . . . . . . . . . .	Number	 00000001h   
??0056 . . . . . . . . . . . . .	Number	 00000000h   
??0057 . . . . . . . . . . . . .	Byte	 00000530 _DATA	
??005F . . . . . . . . . . . . .	Number	 00000002h   
??0061 . . . . . . . . . . . . .	Byte	 0000052D _DATA	
??0062 . . . . . . . . . . . . .	Byte	 00000526 _DATA	
??0063 . . . . . . . . . . . . .	Text   	 "
??0064 . . . . . . . . . . . . .	Byte	 00000525 _DATA	
??0066 . . . . . . . . . . . . .	L Near	 000002F8 _TEXT	
??0067 . . . . . . . . . . . . .	Byte	 00000533 _DATA	
??0068 . . . . . . . . . . . . .	Number	 00000000h   
??0069 . . . . . . . . . . . . .	Byte	 00000536 _DATA	
??006B . . . . . . . . . . . . .	Byte	 00000665 _DATA	
??006C . . . . . . . . . . . . .	Byte	 00000539 _DATA	
??006D . . . . . . . . . . . . .	Text   	 o
??006E . . . . . . . . . . . . .	Byte	 00000538 _DATA	
??006F . . . . . . . . . . . . .	L Near	 00000344 _TEXT	
??0070 . . . . . . . . . . . . .	L Near	 0000037A _TEXT	
??0071 . . . . . . . . . . . . .	Number	 00000000h   
??0072 . . . . . . . . . . . . .	Number	 00000001h   
??0073 . . . . . . . . . . . . .	Number	 00000000h   
??0074 . . . . . . . . . . . . .	Byte	 00000672 _DATA	
??007C . . . . . . . . . . . . .	Number	 00000002h   
??007E . . . . . . . . . . . . .	Byte	 0000066F _DATA	
??007F . . . . . . . . . . . . .	Byte	 00000669 _DATA	
??0080 . . . . . . . . . . . . .	Text   	 "
??0081 . . . . . . . . . . . . .	Byte	 00000668 _DATA	
??0083 . . . . . . . . . . . . .	L Near	 000003C8 _TEXT	
??0084 . . . . . . . . . . . . .	Byte	 00000675 _DATA	
??0085 . . . . . . . . . . . . .	Number	 00000000h   
??0086 . . . . . . . . . . . . .	Byte	 00000678 _DATA	
??0088 . . . . . . . . . . . . .	Byte	 000007A7 _DATA	
??0089 . . . . . . . . . . . . .	Byte	 0000067B _DATA	
??008A . . . . . . . . . . . . .	Text   	 o
??008B . . . . . . . . . . . . .	Byte	 0000067A _DATA	
??008C . . . . . . . . . . . . .	L Near	 00000414 _TEXT	
??008D . . . . . . . . . . . . .	L Near	 0000044A _TEXT	
??008E . . . . . . . . . . . . .	Byte	 000007AA _DATA	
??008F . . . . . . . . . . . . .	Number	 00000000h   
??0090 . . . . . . . . . . . . .	Byte	 000007AD _DATA	
??0092 . . . . . . . . . . . . .	Byte	 000008DC _DATA	
??0093 . . . . . . . . . . . . .	Byte	 000007B0 _DATA	
??0094 . . . . . . . . . . . . .	Text   	 o
??0095 . . . . . . . . . . . . .	Byte	 000007AF _DATA	
??0096 . . . . . . . . . . . . .	L Near	 0000048D _TEXT	
??0097 . . . . . . . . . . . . .	L Near	 000004C3 _TEXT	
??CommonHeapElemSize . . . . . .	DWord	 00000004 _DATA	
??ConsoleMode  . . . . . . . . .	Byte	 00000008 _DATA	
??TotalHeapAllocated . . . . . .	DWord	 00000000 _DATA	
??sTime  . . . . . . . . . . . .	SystemTime  00000009 _DATA	
@CodeSize  . . . . . . . . . . .	Number	 00000000h   
@DOS . . . . . . . . . . . . . .	Text   	 DOS
@DataSize  . . . . . . . . . . .	Number	 00000000h   
@INCHAR  . . . . . . . . . . . .	Text   	 @inchar
@ININTLN . . . . . . . . . . . .	Text   	 @inintln
@ININT . . . . . . . . . . . . .	Text   	 @inint
@InChar  . . . . . . . . . . . .	Text   	 @inchar
@InInt . . . . . . . . . . . . .	Text   	 @inint
@Inchar  . . . . . . . . . . . .	Text   	 @inchar
@InintLn . . . . . . . . . . . .	Text   	 @inintln
@Inintln . . . . . . . . . . . .	Text   	 @inintln
@Inint . . . . . . . . . . . . .	Text   	 @inint
@Interface . . . . . . . . . . .	Number	 00000003h   
@Model . . . . . . . . . . . . .	Number	 00000007h   
@READKEY . . . . . . . . . . . .	Text   	 @readkey
@ReadKey . . . . . . . . . . . .	Text   	 @readkey
@code  . . . . . . . . . . . . .	Text   	 _TEXT
@data  . . . . . . . . . . . . .	Text   	 FLAT
@dos . . . . . . . . . . . . . .	Text   	 DOS
@fardata?  . . . . . . . . . . .	Text   	 FLAT
@fardata . . . . . . . . . . . .	Text   	 FLAT
@random  . . . . . . . . . . . .	Text   	 @Random
@stack . . . . . . . . . . . . .	Text   	 FLAT
AllocConsole@0 . . . . . . . . .	L Near	 00000000 FLAT	External STDCALL
Black  . . . . . . . . . . . . .	Number	 00000000h   
Blue . . . . . . . . . . . . . .	Number	 00000001h   
Bright . . . . . . . . . . . . .	Number	 00000008h   
Brown  . . . . . . . . . . . . .	Number	 00000006h   
CLRSCR . . . . . . . . . . . . .	Text   	 ClrScr
CREATE_ALWAYS  . . . . . . . . .	Number	 00000002h   
CREATE_NEW . . . . . . . . . . .	Number	 00000001h   
CharToOem  . . . . . . . . . . .	Text   	 CharToOemA
Cls  . . . . . . . . . . . . . .	Text   	 ClrScr
CreateFile . . . . . . . . . . .	Text   	 CreateFileA
Cyan . . . . . . . . . . . . . .	Number	 00000003h   
DISPOSE  . . . . . . . . . . . .	Text   	 dispose
DarkGray . . . . . . . . . . . .	Number	 00000008h   
Dispose  . . . . . . . . . . . .	Text   	 dispose
EXIT . . . . . . . . . . . . . .	Text   	 exit
Exit . . . . . . . . . . . . . .	Text   	 exit
FILE_ATTRIBUTE_ARCHIVE . . . . .	Number	 00000020h   
FILE_ATTRIBUTE_COMPRESSED  . . .	Number	 00000800h   
FILE_ATTRIBUTE_DIRECTORY . . . .	Number	 00000010h   
FILE_ATTRIBUTE_HIDDEN  . . . . .	Number	 00000002h   
FILE_ATTRIBUTE_NORMAL  . . . . .	Number	 00000080h   
FILE_ATTRIBUTE_READONLY  . . . .	Number	 00000001h   
FILE_ATTRIBUTE_SYSTEM  . . . . .	Number	 00000004h   
FILE_ATTRIBUTE_TEMPORARY . . . .	Number	 00000100h   
FLUSH  . . . . . . . . . . . . .	Text   	 flush
Flush  . . . . . . . . . . . . .	Text   	 flush
FreeConsole@0  . . . . . . . . .	L Near	 00000000 FLAT	External STDCALL
GENERIC_ALL  . . . . . . . . . .	Number	 10000000h   
GENERIC_EXECUTE  . . . . . . . .	Number	 20000000h   
GENERIC_READ . . . . . . . . . .	Number	 -80000000h   
GENERIC_WRITE  . . . . . . . . .	Number	 40000000h   
GMEM_FIXED . . . . . . . . . . .	Number	 00000000h   
GMEM_ZEROINIT  . . . . . . . . .	Number	 00000040h   
GOTOXY . . . . . . . . . . . . .	Text   	 gotoXY
GetModuleHandle  . . . . . . . .	Text   	 GetModuleHandleA
GotoXY . . . . . . . . . . . . .	Text   	 gotoXY
Green  . . . . . . . . . . . . .	Number	 00000002h   
IDABORT  . . . . . . . . . . . .	Number	 00000003h   
IDCANCEL . . . . . . . . . . . .	Number	 00000002h   
IDIGNORE . . . . . . . . . . . .	Number	 00000005h   
IDNO . . . . . . . . . . . . . .	Number	 00000007h   
IDOK . . . . . . . . . . . . . .	Number	 00000001h   
IDRETRY  . . . . . . . . . . . .	Number	 00000004h   
IDYES  . . . . . . . . . . . . .	Number	 00000006h   
INCHAR . . . . . . . . . . . . .	Text   	 inchar
ININTLN  . . . . . . . . . . . .	Text   	 inintln
ININT  . . . . . . . . . . . . .	Text   	 inint
INPUTSTR . . . . . . . . . . . .	Text   	 InputStr
InChar . . . . . . . . . . . . .	Text   	 inchar
InInt  . . . . . . . . . . . . .	Text   	 inint
Inchar . . . . . . . . . . . . .	Text   	 inchar
InintLn  . . . . . . . . . . . .	Text   	 inintln
Inintln  . . . . . . . . . . . .	Text   	 inintln
Inint  . . . . . . . . . . . . .	Text   	 inint
LANG_NEUTRAL . . . . . . . . . .	Number	 00000000h   
LightBlue  . . . . . . . . . . .	Number	 00000009h   
LightGray  . . . . . . . . . . .	Number	 00000007h   
LightGreen . . . . . . . . . . .	Number	 0000000Ah   
LightMagenta . . . . . . . . . .	Number	 0000000Dh   
LightRed . . . . . . . . . . . .	Number	 0000000Ch   
MB_ABORTRETRYIGNORE  . . . . . .	Number	 00000002h   
MB_CANCELTRYCONTINUE . . . . . .	Number	 00000006h   
MB_DEFBUTTON1  . . . . . . . . .	Number	 00000000h   
MB_DEFBUTTON2  . . . . . . . . .	Number	 00000100h   
MB_DEFBUTTON3  . . . . . . . . .	Number	 00000200h   
MB_DEFBUTTON4  . . . . . . . . .	Number	 00000300h   
MB_HELP  . . . . . . . . . . . .	Number	 00004000h   
MB_ICONASTERISK  . . . . . . . .	Number	 00000040h   
MB_ICONEXCLAMATION . . . . . . .	Number	 00000030h   
MB_ICONHAND  . . . . . . . . . .	Number	 00000008h   
MB_ICONQUESTION  . . . . . . . .	Number	 00000020h   
MB_ICONSTOP  . . . . . . . . . .	Number	 00000010h   
MB_OKCANCEL  . . . . . . . . . .	Number	 00000001h   
MB_OK  . . . . . . . . . . . . .	Number	 00000000h   
MB_RETRYCANCEL . . . . . . . . .	Number	 00000005h   
MB_RIGHT . . . . . . . . . . . .	Number	 00080000h   
MB_SYSTEMMODAL . . . . . . . . .	Number	 00001000h   
MB_USERICON  . . . . . . . . . .	Number	 00000080h   
MB_YESNOCANCEL . . . . . . . . .	Number	 00000003h   
MB_YESNO . . . . . . . . . . . .	Number	 00000004h   
MSGBOX . . . . . . . . . . . . .	Text   	 MsgBox
Magenta  . . . . . . . . . . . .	Number	 00000005h   
MessageBoxIndirect . . . . . . .	Text   	 MessageBoxIndirectA
MessageBox . . . . . . . . . . .	Text   	 MessageBoxA
NEWLINE  . . . . . . . . . . . .	Text   	 newline
NEW  . . . . . . . . . . . . . .	Text   	 new
NULL . . . . . . . . . . . . . .	Number	 00000000h   
NewLine  . . . . . . . . . . . .	Text   	 newline
Newline  . . . . . . . . . . . .	Text   	 newline
New  . . . . . . . . . . . . . .	Text   	 new
OPEN_ALWAYS  . . . . . . . . . .	Number	 00000004h   
OPEN_EXISTING  . . . . . . . . .	Number	 00000003h   
OUTCHARLN  . . . . . . . . . . .	Text   	 outcharln
OUTCHAR  . . . . . . . . . . . .	Text   	 outchar
OUTCH  . . . . . . . . . . . . .	Text   	 outchar
OUTCLN . . . . . . . . . . . . .	Text   	 outcharln
OUTDATELN  . . . . . . . . . . .	Text   	 outdateln
OUTDATE  . . . . . . . . . . . .	Text   	 outdate
OUTINTLN . . . . . . . . . . . .	Text   	 outintln
OUTINT . . . . . . . . . . . . .	Text   	 outint
OUTI . . . . . . . . . . . . . .	Text   	 outint
OUTSTRLN . . . . . . . . . . . .	Text   	 outstrln
OUTSTR . . . . . . . . . . . . .	Text   	 outstr
OUTTIMELN  . . . . . . . . . . .	Text   	 outtimeln
OUTTIME  . . . . . . . . . . . .	Text   	 outtime
OUTU . . . . . . . . . . . . . .	Text   	 outword
OUTWORDLN  . . . . . . . . . . .	Text   	 outwordln
OUTWORD  . . . . . . . . . . . .	Text   	 outword
OutCharLn  . . . . . . . . . . .	Text   	 outcharln
OutCharln  . . . . . . . . . . .	Text   	 outcharln
OutChar  . . . . . . . . . . . .	Text   	 outchar
OutDateLn  . . . . . . . . . . .	Text   	 outdateln
OutDateln  . . . . . . . . . . .	Text   	 outdateln
OutDate  . . . . . . . . . . . .	Text   	 outdate
OutILn . . . . . . . . . . . . .	Text   	 outintln
OutIln . . . . . . . . . . . . .	Text   	 outintln
OutIntLn . . . . . . . . . . . .	Text   	 outintln
OutInt . . . . . . . . . . . . .	Text   	 outint
OutI . . . . . . . . . . . . . .	Text   	 outint
OutNumLn . . . . . . . . . . . .	Text   	 outnumln
OutNumln . . . . . . . . . . . .	Text   	 outnumln
OutNum . . . . . . . . . . . . .	Text   	 outnum
OutStrLn . . . . . . . . . . . .	Text   	 outstrln
OutStr . . . . . . . . . . . . .	Text   	 outstr
OutTimeLn  . . . . . . . . . . .	Text   	 outtimeln
OutTimeln  . . . . . . . . . . .	Text   	 outtimeln
OutTime  . . . . . . . . . . . .	Text   	 outtime
OutULn . . . . . . . . . . . . .	Text   	 outwordln
OutUln . . . . . . . . . . . . .	Text   	 outwordln
OutUnsignedLn  . . . . . . . . .	Text   	 outwordln
OutUnsignedln  . . . . . . . . .	Text   	 outwordln
OutUnsigned  . . . . . . . . . .	Text   	 outword
OutU . . . . . . . . . . . . . .	Text   	 outword
OutWordLn  . . . . . . . . . . .	Text   	 outwordln
OutWord  . . . . . . . . . . . .	Text   	 outword
OutintLn . . . . . . . . . . . .	Text   	 outintln
Outintln . . . . . . . . . . . .	Text   	 outintln
Outint . . . . . . . . . . . . .	Text   	 outint
OutstrLn . . . . . . . . . . . .	Text   	 outstrln
OutwordLn  . . . . . . . . . . .	Text   	 outwordln
Outword  . . . . . . . . . . . .	Text   	 outword
PAGE_EXECUTE_READWRITE . . . . .	Number	 00000040h   
PAGE_EXECUTE_READ  . . . . . . .	Number	 00000020h   
PAGE_EXECUTE_WRITECOPY . . . . .	Number	 00000080h   
PAGE_EXECUTE . . . . . . . . . .	Number	 00000010h   
PAGE_NOACCESS  . . . . . . . . .	Number	 00000001h   
PAGE_READONLY  . . . . . . . . .	Number	 00000002h   
PAGE_READWRITE . . . . . . . . .	Number	 00000004h   
PAGE_WRITECOPY . . . . . . . . .	Number	 00000008h   
PAUSE  . . . . . . . . . . . . .	Text   	 pause
Pause  . . . . . . . . . . . . .	Text   	 pause
READKEY  . . . . . . . . . . . .	Text   	 readkey
ReadKey  . . . . . . . . . . . .	Text   	 readkey
Red  . . . . . . . . . . . . . .	Number	 00000004h   
R  . . . . . . . . . . . . . . .	TR	 0000003B _DATA	
STD_ERROR_HANDLE . . . . . . . .	Number	 -0000000Ch   
STD_INPUT_HANDLE . . . . . . . .	Number	 -0000000Ah   
STD_OUTPUT_HANDLE  . . . . . . .	Number	 -0000000Bh   
SetConsoleTitle  . . . . . . . .	Text   	 SetConsoleTitleA
Start  . . . . . . . . . . . . .	L Near	 00000074 _TEXT	Public STDCALL
S  . . . . . . . . . . . . . . .	TS	 00000039 _DATA	
TRUNCATE_EXISTING  . . . . . . .	Number	 00000005h   
T  . . . . . . . . . . . . . . .	Byte	 00000019 _DATA	
URLDownloadToFile  . . . . . . .	Text   	 URLDownloadToFileA
White  . . . . . . . . . . . . .	Number	 0000000Fh   
Yellow . . . . . . . . . . . . .	Number	 0000000Eh   
_imp___exit  . . . . . . . . . .	DWord	 00000000 FLAT	External STDCALL
_imp__printf . . . . . . . . . .	DWord	 00000000 FLAT	External STDCALL
_imp__sprintf  . . . . . . . . .	DWord	 00000000 FLAT	External STDCALL
black  . . . . . . . . . . . . .	Number	 00000000h   
blue . . . . . . . . . . . . . .	Number	 00000001h   
bright . . . . . . . . . . . . .	Number	 00000008h   
brown  . . . . . . . . . . . . .	Number	 00000006h   
clrscr . . . . . . . . . . . . .	Text   	 ClrScr
crt__exit  . . . . . . . . . . .	Text   	 _imp___exit
crt_printf . . . . . . . . . . .	Text   	 _imp__printf
crt_sprintf  . . . . . . . . . .	Text   	 _imp__sprintf
cyan . . . . . . . . . . . . . .	Number	 00000003h   
darkgray . . . . . . . . . . . .	Number	 00000008h   
dos  . . . . . . . . . . . . . .	Text   	 DOS
downloadfile . . . . . . . . . .	Text   	 DownloadFile
gotoxy . . . . . . . . . . . . .	Text   	 gotoXY
green  . . . . . . . . . . . . .	Number	 00000002h   
heapblocksize  . . . . . . . . .	Text   	 HeapBlockSize
inint_proc@0 . . . . . . . . . .	L Near	 00000000 FLAT	External STDCALL
inputstr . . . . . . . . . . . .	Text   	 InputStr
lightblue  . . . . . . . . . . .	Number	 00000009h   
lightgray  . . . . . . . . . . .	Number	 00000007h   
lightgreen . . . . . . . . . . .	Number	 0000000Ah   
lightmagenta . . . . . . . . . .	Number	 0000000Dh   
lightred . . . . . . . . . . . .	Number	 0000000Ch   
magenta  . . . . . . . . . . . .	Number	 00000005h   
msgbox . . . . . . . . . . . . .	Text   	 MsgBox
nil  . . . . . . . . . . . . . .	DWord 	 00000000h   
outch  . . . . . . . . . . . . .	Text   	 outchar
outintLn . . . . . . . . . . . .	Text   	 outintln
outi . . . . . . . . . . . . . .	Text   	 outint
outu . . . . . . . . . . . . . .	Text   	 outword
outwordLn  . . . . . . . . . . .	Text   	 outwordln
randomize  . . . . . . . . . . .	Text   	 Randomize
red  . . . . . . . . . . . . . .	Number	 00000004h   
settextattr  . . . . . . . . . .	Text   	 SetTextAttr
whereX . . . . . . . . . . . . .	Text   	 WhereX
whereY . . . . . . . . . . . . .	Text   	 WhereY
wherex . . . . . . . . . . . . .	Text   	 WhereX
wherey . . . . . . . . . . . . .	Text   	 WhereY
white  . . . . . . . . . . . . .	Number	 0000000Fh   
yellow . . . . . . . . . . . . .	Number	 0000000Eh   

	   0 Warnings
	   0 Errors
